C251 COMPILER V5.60.0,  image2                                                             02/07/26  22:44:01  PAGE 1   


C251 COMPILER V5.60.0, COMPILATION OF MODULE image2
OBJECT MODULE PLACED IN .\out_file\image2.obj
COMPILER INVOKED BY: C:\DAN\keli 51\C251\BIN\C251.EXE ..\code\image2.c LARGE ROM(HUGE) WARNINGLEVEL(3) OPTIMIZE(SIZE) BR
                    -OWSE INCDIR(..\..\libraries\zf_common;..\..\libraries\zf_components;..\..\libraries\zf_device;..\..\libraries\zf_driver;
                    -..\user;..\code;..\..\libraries\zf_components\stc32g_usb_lib;..\..\libraries\zf_components\seekfree_assistant) DEBUG PRI
                    -NT(.\out_file\image2.lst) OBJECT(.\out_file\image2.obj) 

stmt  level    source

    1          #include "image2.h"
    2          
    3          uint8 base_image[MT9V03X_H][MT9V03X_W];
    4          uint8 Threshold;
    5          //-------------------------------------------------------------------------------------------------------
             -------------
    6          //  @brief      快速大津
    7          //  @return     uint8
    8          //  @since      v1.1
    9          //  Sample usage:   OTSU_Threshold = otsuThreshold(mt9v03x_image_dvp[0]);//大津法阈值
   10          //-------------------------------------------------------------------------------------------------------
             -------------
   11          // 新增优化宏开关（可一键开启/关闭限幅，放在函数内，不影响全局）
   12          
   13          uint8 otsuThreshold(uint8 *mt9v03x_image_first)   //注意计算阈值的一定要是原图像
   14          {
   15   1              int pixelCount[GrayScale]={0};  //采集到的图像中每个灰度值的个数
   16   1              float pixelPro[GrayScale]={0};  //采集到的图像中每个灰度值的比例
   17   1              int Pixel_Max=0;                //采集到的最大灰度值
   18   1              int Pixel_Min=255;      //采集到的最小灰度值
   19   1              int offset;//灰度值偏移量,在防止局部最大时使用
   20   1              uint16 width = MT9V03X_W;
   21   1              uint16 height = MT9V03X_H;
   22   1              uint32 gray_sum=0;      //总采样点灰度值之和
   23   1      
   24   1                      // 优化点2：规范浮点数初始化，按顺序统一初始化，消除内存随机值干扰
   25   1                      int i, j, pixelSum = width * height;    //总采样点
   26   1                      uint8 threshold = 0;    //阈值
   27   1                      uint8* date_mt9v03x_image ;
   28   1                      float w0=0, w1=0, u0tmp=0, u1tmp=0, u0=0, u1=0, u=0, deltaTmp=0, deltaMax=-0.5;
   29   1      
   30   1              date_mt9v03x_image= mt9v03x_image_first;  //指向像素数据的指针
   31   1                      
   32   1                      // 统计灰度级中每个像素在整幅图像中的个数
   33   1                      // 优化点6：外层循环i改为uint16，匹配width/height类型，消除隐式转换警告
   34   1                      for ( i = 0; (uint16)i < height; i++)
   35   1                      {
   36   2                              for (j = 0; (uint16)j < width; j++)
   37   2                              {
   38   3                                      pixelCount[(int)date_mt9v03x_image[i * width + j]]++;  //将当前的点的像素值作为计数数组的下标
   39   3                                      gray_sum+=(int)date_mt9v03x_image[i * width + j];       //灰度值总和
   40   3                                                      //更新采样到的最大最小灰度值
   41   3                                      if(date_mt9v03x_image[i * width + j]>Pixel_Max)   Pixel_Max=date_mt9v03x_image[i * width + j];
   42   3                                      if(date_mt9v03x_image[i * width + j]<Pixel_Min)   Pixel_Min=date_mt9v03x_image[i * width + j];
   43   3                              }
   44   2                      }
   45   1      
   46   1                      // 优化点1：新增极端场景容错-图像全黑/全白，提前返回，避免浮点数计算异常
   47   1                      if (Pixel_Min == Pixel_Max)
   48   1                      {
   49   2                              threshold = Pixel_Min;
   50   2                              return threshold;
   51   2                      }
   52   1      
   53   1                      //计算每个像素值的点在整幅图像中的比例
   54   1                      for (i = Pixel_Min; i <=Pixel_Max; i++)
C251 COMPILER V5.60.0,  image2                                                             02/07/26  22:44:01  PAGE 2   

   55   1                      {
   56   2                              pixelPro[i] = (float)pixelCount[i] / pixelSum;
   57   2                      }
   58   1      
   59   1                      //遍历灰度级[0,255]
   60   1                      for (j = Pixel_Min; j <=Pixel_Max; j++)
   61   1                      {
   62   2                              w0 += pixelPro[j];  //背景部分每个灰度值的像素点所占比例之和   即背景部分的比例
   63   2                              u0tmp += j * pixelPro[j];  //背景部分 每个灰度值的点的比例 *灰度值
   64   2      
   65   2                              w1=1-w0;
   66   2                              u1tmp=(float)gray_sum/pixelSum-u0tmp;
   67   2                                      //防止被除数太小,导致数据溢出
   68   2                              if(w0<1e-6f||w1<1e-6f)
   69   2                                      continue;
   70   2                              
   71   2                              u0 = u0tmp / w0;              //背景平均灰度
   72   2                              u1 = u1tmp / w1;              //前景平均灰度
   73   2                              u = u0tmp + u1tmp;            //全局平均灰度
   74   2                              deltaTmp = (float)(w0 *w1* (u0 - u1)* (u0 - u1)) ;//方差,方差越大,对应的阈值最优
   75   2                              if (deltaTmp > deltaMax)//更新最大方差,及最优阈值
   76   2                              {
   77   3                                      deltaMax = deltaTmp;
   78   3                                      threshold = j;
   79   3                              }
   80   2                                              offset=(Pixel_Max-Pixel_Min)/10;//灰度值偏移量
   81   2                                              //方差随着阈值的增大而增大,当增大到最大值后开始下降
   82   2                              // 优化点3：新增灰度偏移（j > Pixel_Min + 10），避免局部最大值提前终止，错过全局最优阈值
   83   2                              if (deltaTmp < deltaMax && j > Pixel_Min + offset)
   84   2                              {
   85   3                                      break;//跳出整个for循环
   86   3                              }
   87   2                      }
   88   1      
   89   1                      // 优化点4+5：新增宏开关控制限幅 + 将last_threshold改为static静态变量，保留历史值
   90   1              #if OTSU_USE_LIMIT
                               if(threshold>OTSU_LIMIT_MIN && threshold<OTSU_LIMIT_MAX)//限幅
                                       last_threshold = threshold;
                               else
                                       threshold = last_threshold;
                       #endif
   96   1                      return threshold;
   97   1      }
   98          
   99          //图像二值化
  100          void base_image_threshold(uint8 Threshold)
  101          {
  102   1              int i,j;
  103   1              for(i=0;i<40;i++)
  104   1              {
  105   2                      for(j=0;j<MT9V03X_W;j++)
  106   2                      {
  107   3                              if(base_image[i][j]<Threshold+10)
  108   3                                      base_image[i][j]=0;
  109   3                              else
  110   3                                      base_image[i][j]=255;
  111   3                      }
  112   2              }
  113   1              
  114   1                      for(i=40;i<MT9V03X_H;i++)
  115   1              {
  116   2                      for(j=0;j<MT9V03X_W;j++)
  117   2                      {
  118   3                              if(base_image[i][j]<Threshold)
  119   3                                      base_image[i][j]=0;
  120   3                              else
C251 COMPILER V5.60.0,  image2                                                             02/07/26  22:44:01  PAGE 3   

  121   3                                      base_image[i][j]=255;
  122   3                      }
  123   2              }
  124   1      
  125   1      }
  126          
  127          
  128          
  129          
  130          
*** WARNING C183 IN LINE 20 OF ..\code\image2.c: dead assignment eliminated
*** WARNING C183 IN LINE 21 OF ..\code\image2.c: dead assignment eliminated
*** WARNING C183 IN LINE 28 OF ..\code\image2.c: dead assignment eliminated
*** WARNING C183 IN LINE 28 OF ..\code\image2.c: dead assignment eliminated
*** WARNING C183 IN LINE 28 OF ..\code\image2.c: dead assignment eliminated
*** WARNING C183 IN LINE 73 OF ..\code\image2.c: dead assignment eliminated


Module Information          Static   Overlayable
------------------------------------------------
  code size            =    ------     ------
  ecode size           =      1062     ------
  data size            =    ------     ------
  idata size           =    ------     ------
  pdata size           =    ------     ------
  xdata size           =     22561       1569
  xdata-const size     =    ------     ------
  edata size           =    ------     ------
  bit size             =    ------     ------
  ebit size            =    ------     ------
  bitaddressable size  =    ------     ------
  ebitaddressable size =    ------     ------
  far data size        =    ------     ------
  huge data size       =    ------     ------
  const size           =    ------     ------
  hconst size          =      1536     ------
End of Module Information.


C251 COMPILATION COMPLETE.  6 WARNING(S),  0 ERROR(S)
