C251 COMPILER V5.60.0,  Init                                                               04/07/26  10:55:44  PAGE 1   


C251 COMPILER V5.60.0, COMPILATION OF MODULE Init
OBJECT MODULE PLACED IN .\out_file\Init.obj
COMPILER INVOKED BY: C:\DAN\keli 51\C251\BIN\C251.EXE ..\code\Init.c LARGE ROM(HUGE) WARNINGLEVEL(3) OPTIMIZE(SIZE) BROW
                    -SE INCDIR(..\..\libraries\zf_common;..\..\libraries\zf_components;..\..\libraries\zf_device;..\..\libraries\zf_driver;..
                    -\user;..\code;..\..\libraries\zf_components\stc32g_usb_lib;..\..\libraries\zf_components\seekfree_assistant) DEBUG PRINT
                    -(.\out_file\Init.lst) OBJECT(.\out_file\Init.obj) 

stmt  level    source

    1          #include "Init.h"
    2          
    3          void pit_handler (void);
    4          
    5          uint32 _t=0;
    6          uint8 motor_pit=5;
    7          volatile uint8 wifi_spi_get_data_buffer[256] = {0};
    8          uint8 data_len;
    9          extern uint8 ControlFlag;
   10          void System_Init(void)
   11          {
   12   1                clock_init(SYSTEM_CLOCK_96M);                                 // 时钟配置及系统初始化<务必保留>
   13   1                debug_init();                                 // 调试串口信息初始化
   14   1      
   15   1                      //display_init();
   16   1      
   17   1                      //蜂鸣器的初始化
   18   1                      gpio_init(IO_P65, GPO, 1, GPO_PUSH_PULL);
   19   1              
   20   1                      //激光初始化
   21   1                      laser_init();
   22   1                      
   23   1                      //陀螺仪初始化
   24   1                      imu660ra_init();
   25   1                      
   26   1                      //编码器初始化
   27   1      //              encoder_quad_init(ENCODER_DIR_1, ENCODER_DIR_DIR_1, ENCODER_DIR_PULSE_1);   // 初始化编码器模块与引脚
             - 带方向增量编码器模式
   28   1      //              encoder_quad_init(ENCODER_DIR_2, ENCODER_DIR_DIR_2, ENCODER_DIR_PULSE_2);   // 初始化编码器模块与引脚
             - 带方向增量编码器模式
   29   1      
   30   1                      //按钮初始化
   31   1      //              gpio_init(KEY1_PIN, GPI, 1, GPI_PULL_UP);
   32   1      //              gpio_init(KEY2_PIN, GPI, 1, GPI_PULL_UP);
   33   1      //              gpio_init(KEY3_PIN, GPI, 1, GPI_PULL_UP);
   34   1      //              gpio_init(KEY4_PIN, GPI, 1, GPI_PULL_UP);
   35   1      //      
   36   1      //              gpio_init(SWITCH1_PIN, GPI, 1, GPI_PULL_UP);
   37   1      //              gpio_init(SWITCH2_PIN, GPI, 1, GPI_PULL_UP);
   38   1              
   39   1                      //舵机初始化
   40   1                      servo_init();
   41   1                      
   42   1                      //电机+PID初始化
   43   1      //              Motor_Init();
   44   1                      
   45   1                      //电池电压检测初始化  接口是1.0
   46   1      //              adc_init(ADC1_CH0_P10,ADC_12BIT);
   47   1                      
   48   1      
   49   1              /*
   50   1      //              //初始化摄像头
   51   1                      while(1)
   52   1                      {
   53   1                              if(!mt9v03x_init())
   54   1                              {
C251 COMPILER V5.60.0,  Init                                                               04/07/26  10:55:44  PAGE 2   

   55   1                                      gpio_set_level(IO_P65, 0);
   56   1                                      break;
   57   1                              }
   58   1                              gpio_set_level(IO_P65, 1);
   59   1                              system_delay_ms(500);                                
   60   1                      }
   61   1                      
   62   1                      if(!ControlFlag){
   63   1                              //wifi SPI初始化
   64   1                              while(wifi_spi_init("TCP", "91919191"))
   65   1                              {
   66   1                                      gpio_set_level(IO_P65, 1);
   67   1                                      system_delay_ms(100);                                                   // 初始化失败 等待 100ms
   68   1                              }gpio_set_level(IO_P65, 0);             
   69   1                              
   70   1                              
   71   1                              // 逐飞助手初始化 数据传输使用高速WIFI SPI
   72   1                              seekfree_assistant_init();
   73   1                              seekfree_assistant_interface_init(SEEKFREE_ASSISTANT_WIFI_SPI);
   74   1                              seekfree_assistant_camera_information_config(SEEKFREE_ASSISTANT_MT9V03X, mt9v03x_image[0], MT9V03X_W, 
             -MT9V03X_H);
   75   1                              seekfree_assistant_camera_boundary_config(X_BOUNDARY, MT9V03X_H, left_control_line,right_control_line,
             - mid_line,NULL,NULL,NULL);             
   76   1                      }
   77   1      */
   78   1                      
   79   1                      
   80   1      ////                    
   81   1      //              ////按下按键4 || wifi发送才开始
   82   1                      //Begin();
   83   1      //              
   84   1      //              /*********************定时器的初始化***********************/
   85   1                      pit_ms_init(TIM_0,5, pit_handler);         // 初始化 PIT_CH0 为周期中断 5ms 周期
   86   1                      
   87   1      }
   88          
   89          
   90          uint8 send_buffer[256] = {0};
   91          int16 just_i,just_p,just_tar,just_angle;
   92          int16 begin=0;
   93          void test_ss(void)
   94          {
   95   1      //              sprintf(send_buffer,"Date:%d, %d, %d\n", encoder_data_l,encoder_data_r,tar_speed);
   96   1      //              wifi_spi_send_buffer(send_buffer,sizeof(send_buffer));
   97   1              
   98   1              
   99   1                      data_len=wifi_spi_read_buffer(wifi_spi_get_data_buffer,20);
  100   1              
  101   1                      if (wifi_spi_get_data_buffer[0] == 'I') {
  102   2                              sscanf(wifi_spi_get_data_buffer, "I:%d", &just_i);
  103   2                      }
  104   1                      else if (wifi_spi_get_data_buffer[0] == 'P') {
  105   2                              sscanf(wifi_spi_get_data_buffer, "P:%d", &just_p); 
  106   2                      }
  107   1                      else if(wifi_spi_get_data_buffer[0] == 'T'){
  108   2                          sscanf(wifi_spi_get_data_buffer, "T:%u", &just_tar);
  109   2                                      
  110   2                      }
  111   1                      else if(wifi_spi_get_data_buffer[0] == 'A'){
  112   2                                      sscanf(wifi_spi_get_data_buffer, "A:%d", &just_angle);
  113   2                      }
  114   1                      else if(wifi_spi_get_data_buffer[0] == 'S'){
  115   2                                      sscanf(wifi_spi_get_data_buffer, "S:%d", &tar_speed);
  116   2                      }       
  117   1                      else if(wifi_spi_get_data_buffer[0] == '1'){
  118   2                                      key_anlysis1=1;
C251 COMPILER V5.60.0,  Init                                                               04/07/26  10:55:44  PAGE 3   

  119   2                      }                       
  120   1                      else if(wifi_spi_get_data_buffer[0] == '2'){
  121   2                                      key_anlysis2=1;
  122   2                      }
  123   1                      else if(wifi_spi_get_data_buffer[0] == '3'){
  124   2                                      key_anlysis3=1;
  125   2                      }
  126   1                      
  127   1                      
  128   1      //                              if(sizeof(wifi_spi_get_data_buffer)!=0){
  129   1      //                                      wifi_spi_send_buffer(wifi_spi_get_data_buffer,data_len);
  130   1      //                                      memset(wifi_spi_get_data_buffer, 0,20);           // 数据发送完成 清空数据              
  131   1      //                              }
  132   1                      
  133   1                      
  134   1                      
  135   1      }
  136          
  137          void Buzzero_O(void)
  138          {
  139   1              uint8 i;
  140   1              for(i=50;i>0;i--)
  141   1              {
  142   2                      gpio_set_level(IO_P65, 1);
  143   2                      system_delay_ms(i);
  144   2                      gpio_set_level(IO_P65, 0);
  145   2                      system_delay_ms(i);
  146   2              }
  147   1              gpio_set_level(IO_P65, 1);system_delay_ms(200);gpio_set_level(IO_P65,0);
  148   1              gpio_set_level(IO_P65, 1);system_delay_ms(200);gpio_set_level(IO_P65,0);system_delay_ms(200);
  149   1              gpio_set_level(IO_P65, 1);system_delay_ms(200);gpio_set_level(IO_P65,0);
  150   1      }
  151          
  152          void Buzzer_On(void)
  153          {
  154   1              gpio_set_level(IO_P65, 1);
  155   1      }
  156          
  157          void Buzzer_Off(void)
  158          {
  159   1              gpio_set_level(IO_P65, 0);
  160   1      }
  161          
  162          void o_O(const char dat[])
  163          {
  164   1              uint8 str[100];
  165   1              Buzzero_O();
  166   1              sprintf(str,"%s  Successful!",dat);
  167   1              while(1)
  168   1              {
  169   2                      tft180_show_string(0,104,"Test While");
  170   2                      Key_GetNum();
  171   2                      if(key4_flag)
  172   2                      {       
  173   3                              if(key4_flag)
  174   3                              {
  175   4                                      key4_flag=0;
  176   4                                      break;
  177   4                              }
  178   3                      }
  179   2              }
  180   1              tft180_show_string(0,104,str);
  181   1              gpio_set_level(IO_P65, 1);system_delay_ms(100);gpio_set_level(IO_P65,0);system_delay_ms(100);
  182   1              gpio_set_level(IO_P65, 1);system_delay_ms(100);gpio_set_level(IO_P65,0);
  183   1              tft180_clear(RGB565_WHITE);
  184   1      }
C251 COMPILER V5.60.0,  Init                                                               04/07/26  10:55:44  PAGE 4   

  185          static float s=0;
  186          void x_X(void)
  187          {
  188   1              if(s>12)
  189   1                      s=-12;
  190   1              s+=0.5;
  191   1              servo_setAngle(SERVO_PWM1,s);
  192   1      }
  193          
  194          uint8 k4;
  195          void Begin(void)
  196          {
  197   1              while(1)
  198   1              {
  199   2                      //Buzzer_On();
  200   2                      data_len=wifi_spi_read_buffer(wifi_spi_get_data_buffer,20);
  201   2                      Key_Anlysis();
  202   2                      if(wifi_spi_get_data_buffer[0] == 'B')
  203   2                      {
  204   3                              //Buzzero_O();
  205   3                              break;
  206   3                      }
  207   2                      else if(k4==1)
  208   2                      {
  209   3                              k4=0;
  210   3                              //Buzzero_O();
  211   3                              break;
  212   3                      }
  213   2              }
  214   1      }
  215          
  216          void Buzzer_test(uint8 count)
  217          {
  218   1              uint8 i;
  219   1              for(i=0;i<count;i++){
  220   2                      gpio_set_level(IO_P65, 1);
  221   2                      system_delay_ms(200);
  222   2                      gpio_set_level(IO_P65,0);
  223   2                      system_delay_ms(200);
  224   2              }
  225   1      
  226   1      }


Module Information          Static   Overlayable
------------------------------------------------
  code size            =    ------     ------
  ecode size           =      1132     ------
  data size            =    ------     ------
  idata size           =    ------     ------
  pdata size           =    ------     ------
  xdata size           =       533        100
  xdata-const size     =    ------     ------
  edata size           =    ------     ------
  bit size             =    ------     ------
  ebit size            =    ------     ------
  bitaddressable size  =    ------     ------
  ebitaddressable size =    ------     ------
  far data size        =    ------     ------
  huge data size       =    ------     ------
  const size           =    ------     ------
  hconst size          =       605     ------
End of Module Information.


C251 COMPILATION COMPLETE.  0 WARNING(S),  0 ERROR(S)
