C251 COMPILER V5.60.0,  laser                                                              02/07/26  22:44:01  PAGE 1   


C251 COMPILER V5.60.0, COMPILATION OF MODULE laser
OBJECT MODULE PLACED IN .\out_file\laser.obj
COMPILER INVOKED BY: C:\DAN\keli 51\C251\BIN\C251.EXE ..\code\laser.c LARGE ROM(HUGE) WARNINGLEVEL(3) OPTIMIZE(SIZE) BRO
                    -WSE INCDIR(..\..\libraries\zf_common;..\..\libraries\zf_components;..\..\libraries\zf_device;..\..\libraries\zf_driver;.
                    -.\user;..\code;..\..\libraries\zf_components\stc32g_usb_lib;..\..\libraries\zf_components\seekfree_assistant) DEBUG PRIN
                    -T(.\out_file\laser.lst) OBJECT(.\out_file\laser.obj) 

stmt  level    source

    1          #include "Laser.h"
    2          
    3          
    4          uint16 tar_i;   //看关灯时间索引计时
    5          uint8  tar_flag=0;//发现目标flag
    6          uint8  tar_x;    //坐标x
    7          uint8  tar_y;    //坐标y
    8          
    9          void laser_init(void)
   10          {
   11   1              gpio_init(IO_P67, GPO, 0, GPO_PUSH_PULL);
   12   1      }
   13          
   14          void laser_on(void)
   15          {
   16   1              gpio_set_level(IO_P67, 1);
   17   1      }
   18          
   19          void laser_off(void)
   20          {
   21   1              gpio_set_level(IO_P67,0);
   22   1      }
   23          
   24          
   25          uint8 tar_th;
   26          uint8 top_d=0,under_d=0,l_d=0,r_d=0;
   27          
   28          
   29          uint8 debug_stage = 0;
   30          
   31          #define Pre_Line   45
   32          uint8 pre_find_offset=0;
   33          //预扫描函数  找到找到后偏移量赋值给寻靶函数
   34          void Pre_Scan(void){
   35   1              uint8 i,x,pre_l=0,pre_r=0;
   36   1              uint8 l_edge=left_edge_line[Pre_Line]+4;
   37   1              uint8 r_edge=right_edge_line[Pre_Line]-4;
   38   1              
   39   1              //从左向右
   40   1              for(i=l_edge;i<r_edge;i+=2){
   41   2                      x=mt9v03x_image[Pre_Line][i];
   42   2                      if(x<tar_th){
   43   3                              pre_l=i;
   44   3                              break;
   45   3                      }
   46   2              }
   47   1              //从右向左
   48   1              for(i=r_edge;i<l_edge;i-=2){
   49   2                      x=mt9v03x_image[Pre_Line][i];
   50   2                      if(x<tar_th){
   51   3                              pre_r=i;
   52   3                              break;
   53   3                      }
   54   2              }
   55   1              
   56   1      
C251 COMPILER V5.60.0,  laser                                                              02/07/26  22:44:01  PAGE 2   

   57   1              //判断可不可以用
   58   1              if(pre_r-pre_l<8 || pre_l > pre_r || pre_l == 0 || pre_r == 0){
   59   2                      pre_find_offset=0;
   60   2                      return ;
   61   2              }
   62   1              else {
   63   2                      
   64   2                      pre_find_offset=((pre_l+pre_r)>>1)-(SEARCH_IMAGE_W>>1);
   65   2              }
   66   1      }
   67          
   68          
   69          #define TopFind      25
   70          #define BottomFind   110
   71          #define MinTargetH   10
   72          #define MinTargetW   10
   73          #define FindOffset   4
   74          
   75          void Target_find(int8 midOffset)
   76          {
   77   1          uint8 i,j;
   78   1          uint8 center_x;
   79   1          uint8 tar_y_local;
   80   1          uint8 far *row_ptr;
   81   1      
   82   1          tar_flag = 0;
   83   1          debug_stage = 0;
   84   1      
   85   1          top_d = 0;
   86   1          under_d = 0;
   87   1          l_d = 0;
   88   1          r_d = 0;//都是圆的边界信息
   89   1      
   90   1          center_x =( SEARCH_IMAGE_W >> 1) + midOffset;      // 94
   91   1                                                                                                                                                      
   92   1          /************* 1. 从 TopFind 往下找上边界 *************/
   93   1          for(i = TopFind; i < BottomFind; i+=FindOffset)                                                                     
   94   1          {                                                                                                                                           
   95   2              if(mt9v03x_image[i][center_x] < tar_th)                                                                 
   96   2              {                                                                                                                                               
   97   3                  top_d = i;                                                                  
   98   3                  debug_stage = 1;                                                                    
   99   3                  break;                                                                      
  100   3              }                                                                       
  101   2          }                                                                                                                                   
  102   1          if(i >= SEARCH_IMAGE_H) return;             
  103   1      
  104   1          /************* 2. 从 BottomFind 往上找下边界 *************/
  105   1          for(i = BottomFind; i > TopFind; i-=FindOffset)
  106   1          {
  107   2              if(mt9v03x_image[i][center_x] < tar_th)
  108   2              {
  109   3                  under_d = i;
  110   3                  debug_stage = 2;
  111   3                  break;
  112   3              }
  113   2          }
  114   1          if(i == 0) return;
  115   1      
  116   1          /************* 3. 合法性判断 *************/
  117   1          if(under_d <= top_d) return;
  118   1          if((under_d - top_d) < MinTargetH) return;
  119   1      
  120   1          tar_y_local = (top_d + under_d) >> 1;
  121   1          debug_stage = 3;
  122   1      
C251 COMPILER V5.60.0,  laser                                                              02/07/26  22:44:01  PAGE 3   

  123   1          /************* 4. 取目标中心行指针 *************/
  124   1          row_ptr = mt9v03x_image[tar_y_local];
  125   1      
  126   1          /************* 5. 从中间往左找左边界 *************/
  127   1          for(j = center_x; j >= FindOffset; j -= FindOffset)
  128   1          {
  129   2              if(row_ptr[j] < tar_th)
  130   2              {
  131   3                  l_d = j;
  132   3                  debug_stage = 4;
  133   3                  break;
  134   3              }
  135   2      
  136   2              if(j == 0) return;
  137   2          }
  138   1      
  139   1          /************* 6. 从中间往右找右边界 *************/
  140   1          for(j = center_x; j < SEARCH_IMAGE_W - FindOffset; j+=FindOffset)
  141   1          {
  142   2              if(row_ptr[j] < tar_th)
  143   2              {
  144   3                  r_d = j;
  145   3                  debug_stage = 5;
  146   3                  break;
  147   3              }
  148   2          }
  149   1          if(j >= SEARCH_IMAGE_W) return;
  150   1      
  151   1          /************* 7. 宽度判断 *************/
  152   1          if(r_d <= l_d) return;
  153   1          if((r_d - l_d) < MinTargetW) return;
  154   1      
  155   1          /************* 8. 贴边过滤 *************/
  156   1          if(l_d == 0) return;
  157   1          if(r_d >= (SEARCH_IMAGE_W - 1)) return;
  158   1          if(top_d == 0) return;
  159   1          if(under_d >= (SEARCH_IMAGE_H - 1)) return;
  160   1      
  161   1          /************* 9. 求中心 *************/
  162   1          tar_x = (l_d + r_d) >> 1;
  163   1          tar_y = tar_y_local;
  164   1      
  165   1          tar_flag = 1;
  166   1          debug_stage = 6;
  167   1              
  168   1      }
  169          


Module Information          Static   Overlayable
------------------------------------------------
  code size            =    ------     ------
  ecode size           =       568     ------
  data size            =    ------     ------
  idata size           =    ------     ------
  pdata size           =    ------     ------
  xdata size           =        12     ------
  xdata-const size     =    ------     ------
  edata size           =    ------     ------
  bit size             =    ------     ------
  ebit size            =    ------     ------
  bitaddressable size  =    ------     ------
  ebitaddressable size =    ------     ------
  far data size        =    ------     ------
  huge data size       =    ------     ------
  const size           =    ------     ------
  hconst size          =        42     ------
C251 COMPILER V5.60.0,  laser                                                              02/07/26  22:44:01  PAGE 4   

End of Module Information.


C251 COMPILATION COMPLETE.  0 WARNING(S),  0 ERROR(S)
